node_modules/.pnpm/next@13.5.11_@babel+core@7._78f66e70bb16a04258bcaa13e46f06a8/node_modules/next/dist/build/webpack/loaders/next-app-loader.d.ts(1,13): error TS2613: Module '"next/dist/compiled/webpack/webpack"' has no default export. Did you mean to use 'import { webpack } from "next/dist/compiled/webpack/webpack"' instead?
node_modules/.pnpm/next@13.5.11_@babel+core@7._78f66e70bb16a04258bcaa13e46f06a8/node_modules/next/dist/client/components/app-router.d.ts(2,8): error TS1259: Module '"C:/Users/HP/Christful_PWA/node_modules/.pnpm/@types+react@19.2.13/node_modules/@types/react/index"' can only be default-imported using the 'esModuleInterop' flag
node_modules/.pnpm/next@13.5.11_@babel+core@7._78f66e70bb16a04258bcaa13e46f06a8/node_modules/next/dist/client/components/error-boundary.d.ts(2,8): error TS1259: Module '"C:/Users/HP/Christful_PWA/node_modules/.pnpm/@types+react@19.2.13/node_modules/@types/react/index"' can only be default-imported using the 'esModuleInterop' flag
node_modules/.pnpm/next@13.5.11_@babel+core@7._78f66e70bb16a04258bcaa13e46f06a8/node_modules/next/dist/client/components/error-boundary.d.ts(42,5): error TS2503: Cannot find namespace 'JSX'.
node_modules/.pnpm/next@13.5.11_@babel+core@7._78f66e70bb16a04258bcaa13e46f06a8/node_modules/next/dist/client/components/layout-router.d.ts(3,8): error TS1259: Module '"C:/Users/HP/Christful_PWA/node_modules/.pnpm/@types+react@19.2.13/node_modules/@types/react/index"' can only be default-imported using the 'esModuleInterop' flag
node_modules/.pnpm/next@13.5.11_@babel+core@7._78f66e70bb16a04258bcaa13e46f06a8/node_modules/next/dist/client/components/not-found-boundary.d.ts(1,8): error TS1259: Module '"C:/Users/HP/Christful_PWA/node_modules/.pnpm/@types+react@19.2.13/node_modules/@types/react/index"' can only be default-imported using the 'esModuleInterop' flag
node_modules/.pnpm/next@13.5.11_@babel+core@7._78f66e70bb16a04258bcaa13e46f06a8/node_modules/next/dist/client/components/render-from-template-context.d.ts(2,54): error TS2503: Cannot find namespace 'JSX'.
node_modules/.pnpm/next@13.5.11_@babel+core@7._78f66e70bb16a04258bcaa13e46f06a8/node_modules/next/dist/client/components/router-reducer/router-reducer-types.d.ts(3,15): error TS2305: Module '"react"' has no exported member 'FulfilledThenable'.
node_modules/.pnpm/next@13.5.11_@babel+core@7._78f66e70bb16a04258bcaa13e46f06a8/node_modules/next/dist/client/components/router-reducer/router-reducer-types.d.ts(3,34): error TS2305: Module '"react"' has no exported member 'PendingThenable'.
node_modules/.pnpm/next@13.5.11_@babel+core@7._78f66e70bb16a04258bcaa13e46f06a8/node_modules/next/dist/client/components/router-reducer/router-reducer-types.d.ts(3,51): error TS2305: Module '"react"' has no exported member 'RejectedThenable'.
node_modules/.pnpm/next@13.5.11_@babel+core@7._78f66e70bb16a04258bcaa13e46f06a8/node_modules/next/dist/client/components/static-generation-searchparams-bailout-provider.d.ts(1,8): error TS1259: Module '"C:/Users/HP/Christful_PWA/node_modules/.pnpm/@types+react@19.2.13/node_modules/@types/react/index"' can only be default-imported using the 'esModuleInterop' flag
node_modules/.pnpm/next@13.5.11_@babel+core@7._78f66e70bb16a04258bcaa13e46f06a8/node_modules/next/dist/client/image-component.d.ts(1,8): error TS1259: Module '"C:/Users/HP/Christful_PWA/node_modules/.pnpm/@types+react@19.2.13/node_modules/@types/react/index"' can only be default-imported using the 'esModuleInterop' flag
node_modules/.pnpm/next@13.5.11_@babel+core@7._78f66e70bb16a04258bcaa13e46f06a8/node_modules/next/dist/client/link.d.ts(2,8): error TS1259: Module '"C:/Users/HP/Christful_PWA/node_modules/.pnpm/@types+react@19.2.13/node_modules/@types/react/index"' can only be default-imported using the 'esModuleInterop' flag
node_modules/.pnpm/next@13.5.11_@babel+core@7._78f66e70bb16a04258bcaa13e46f06a8/node_modules/next/dist/client/script.d.ts(1,8): error TS1259: Module '"C:/Users/HP/Christful_PWA/node_modules/.pnpm/@types+react@19.2.13/node_modules/@types/react/index"' can only be default-imported using the 'esModuleInterop' flag
node_modules/.pnpm/next@13.5.11_@babel+core@7._78f66e70bb16a04258bcaa13e46f06a8/node_modules/next/dist/client/script.d.ts(18,46): error TS2503: Cannot find namespace 'JSX'.
node_modules/.pnpm/next@13.5.11_@babel+core@7._78f66e70bb16a04258bcaa13e46f06a8/node_modules/next/dist/client/with-router.d.ts(1,8): error TS1259: Module '"C:/Users/HP/Christful_PWA/node_modules/.pnpm/@types+react@19.2.13/node_modules/@types/react/index"' can only be default-imported using the 'esModuleInterop' flag
node_modules/.pnpm/next@13.5.11_@babel+core@7._78f66e70bb16a04258bcaa13e46f06a8/node_modules/next/dist/pages/_app.d.ts(1,8): error TS1259: Module '"C:/Users/HP/Christful_PWA/node_modules/.pnpm/@types+react@19.2.13/node_modules/@types/react/index"' can only be default-imported using the 'esModuleInterop' flag
node_modules/.pnpm/next@13.5.11_@babel+core@7._78f66e70bb16a04258bcaa13e46f06a8/node_modules/next/dist/pages/_document.d.ts(1,8): error TS1259: Module '"C:/Users/HP/Christful_PWA/node_modules/.pnpm/@types+react@19.2.13/node_modules/@types/react/index"' can only be default-imported using the 'esModuleInterop' flag
node_modules/.pnpm/next@13.5.11_@babel+core@7._78f66e70bb16a04258bcaa13e46f06a8/node_modules/next/dist/pages/_document.d.ts(21,40): error TS2503: Cannot find namespace 'JSX'.
node_modules/.pnpm/next@13.5.11_@babel+core@7._78f66e70bb16a04258bcaa13e46f06a8/node_modules/next/dist/pages/_document.d.ts(23,48): error TS2503: Cannot find namespace 'JSX'.
node_modules/.pnpm/next@13.5.11_@babel+core@7._78f66e70bb16a04258bcaa13e46f06a8/node_modules/next/dist/pages/_error.d.ts(1,8): error TS1259: Module '"C:/Users/HP/Christful_PWA/node_modules/.pnpm/@types+react@19.2.13/node_modules/@types/react/index"' can only be default-imported using the 'esModuleInterop' flag
node_modules/.pnpm/next@13.5.11_@babel+core@7._78f66e70bb16a04258bcaa13e46f06a8/node_modules/next/dist/server/app-render/types.d.ts(10,8): error TS1192: Module '"next/dist/compiled/superstruct"' has no default export.
node_modules/.pnpm/next@13.5.11_@babel+core@7._78f66e70bb16a04258bcaa13e46f06a8/node_modules/next/dist/server/render.d.ts(16,8): error TS1259: Module '"C:/Users/HP/Christful_PWA/node_modules/.pnpm/@types+react@19.2.13/node_modules/@types/react/index"' can only be default-imported using the 'esModuleInterop' flag
node_modules/.pnpm/next@13.5.11_@babel+core@7._78f66e70bb16a04258bcaa13e46f06a8/node_modules/next/dist/shared/lib/amp-context.shared-runtime.d.ts(1,8): error TS1259: Module '"C:/Users/HP/Christful_PWA/node_modules/.pnpm/@types+react@19.2.13/node_modules/@types/react/index"' can only be default-imported using the 'esModuleInterop' flag
node_modules/.pnpm/next@13.5.11_@babel+core@7._78f66e70bb16a04258bcaa13e46f06a8/node_modules/next/dist/shared/lib/app-router-context.shared-runtime.d.ts(4,8): error TS1259: Module '"C:/Users/HP/Christful_PWA/node_modules/.pnpm/@types+react@19.2.13/node_modules/@types/react/index"' can only be default-imported using the 'esModuleInterop' flag
node_modules/.pnpm/next@13.5.11_@babel+core@7._78f66e70bb16a04258bcaa13e46f06a8/node_modules/next/dist/shared/lib/dynamic.d.ts(1,8): error TS1259: Module '"C:/Users/HP/Christful_PWA/node_modules/.pnpm/@types+react@19.2.13/node_modules/@types/react/index"' can only be default-imported using the 'esModuleInterop' flag
node_modules/.pnpm/next@13.5.11_@babel+core@7._78f66e70bb16a04258bcaa13e46f06a8/node_modules/next/dist/shared/lib/dynamic.d.ts(22,61): error TS2503: Cannot find namespace 'JSX'.
node_modules/.pnpm/next@13.5.11_@babel+core@7._78f66e70bb16a04258bcaa13e46f06a8/node_modules/next/dist/shared/lib/get-img-props.d.ts(15,31): error TS2503: Cannot find namespace 'JSX'.
node_modules/.pnpm/next@13.5.11_@babel+core@7._78f66e70bb16a04258bcaa13e46f06a8/node_modules/next/dist/shared/lib/get-img-props.d.ts(55,24): error TS2503: Cannot find namespace 'JSX'.
node_modules/.pnpm/next@13.5.11_@babel+core@7._78f66e70bb16a04258bcaa13e46f06a8/node_modules/next/dist/shared/lib/head-manager-context.shared-runtime.d.ts(1,8): error TS1259: Module '"C:/Users/HP/Christful_PWA/node_modules/.pnpm/@types+react@19.2.13/node_modules/@types/react/index"' can only be default-imported using the 'esModuleInterop' flag
node_modules/.pnpm/next@13.5.11_@babel+core@7._78f66e70bb16a04258bcaa13e46f06a8/node_modules/next/dist/shared/lib/head.d.ts(1,8): error TS1259: Module '"C:/Users/HP/Christful_PWA/node_modules/.pnpm/@types+react@19.2.13/node_modules/@types/react/index"' can only be default-imported using the 'esModuleInterop' flag
node_modules/.pnpm/next@13.5.11_@babel+core@7._78f66e70bb16a04258bcaa13e46f06a8/node_modules/next/dist/shared/lib/head.d.ts(2,59): error TS2503: Cannot find namespace 'JSX'.
node_modules/.pnpm/next@13.5.11_@babel+core@7._78f66e70bb16a04258bcaa13e46f06a8/node_modules/next/dist/shared/lib/html-context.shared-runtime.d.ts(36,43): error TS2694: Namespace 'React' has no exported member 'ReactFragment'.
node_modules/.pnpm/next@13.5.11_@babel+core@7._78f66e70bb16a04258bcaa13e46f06a8/node_modules/next/dist/shared/lib/html-context.shared-runtime.d.ts(37,18): error TS2503: Cannot find namespace 'JSX'.
node_modules/.pnpm/next@13.5.11_@babel+core@7._78f66e70bb16a04258bcaa13e46f06a8/node_modules/next/dist/shared/lib/image-config-context.shared-runtime.d.ts(1,8): error TS1259: Module '"C:/Users/HP/Christful_PWA/node_modules/.pnpm/@types+react@19.2.13/node_modules/@types/react/index"' can only be default-imported using the 'esModuleInterop' flag
node_modules/.pnpm/next@13.5.11_@babel+core@7._78f66e70bb16a04258bcaa13e46f06a8/node_modules/next/dist/shared/lib/loadable-context.shared-runtime.d.ts(1,8): error TS1259: Module '"C:/Users/HP/Christful_PWA/node_modules/.pnpm/@types+react@19.2.13/node_modules/@types/react/index"' can only be default-imported using the 'esModuleInterop' flag
node_modules/.pnpm/next@13.5.11_@babel+core@7._78f66e70bb16a04258bcaa13e46f06a8/node_modules/next/dist/shared/lib/loadable.shared-runtime.d.ts(21,8): error TS1259: Module '"C:/Users/HP/Christful_PWA/node_modules/.pnpm/@types+react@19.2.13/node_modules/@types/react/index"' can only be default-imported using the 'esModuleInterop' flag
node_modules/.pnpm/next@13.5.11_@babel+core@7._78f66e70bb16a04258bcaa13e46f06a8/node_modules/next/dist/shared/lib/router-context.shared-runtime.d.ts(1,8): error TS1259: Module '"C:/Users/HP/Christful_PWA/node_modules/.pnpm/@types+react@19.2.13/node_modules/@types/react/index"' can only be default-imported using the 'esModuleInterop' flag
node_modules/.pnpm/next@13.5.11_@babel+core@7._78f66e70bb16a04258bcaa13e46f06a8/node_modules/next/dist/shared/lib/server-inserted-html.shared-runtime.d.ts(1,8): error TS1259: Module '"C:/Users/HP/Christful_PWA/node_modules/.pnpm/@types+react@19.2.13/node_modules/@types/react/index"' can only be default-imported using the 'esModuleInterop' flag
node_modules/.pnpm/next@13.5.11_@babel+core@7._78f66e70bb16a04258bcaa13e46f06a8/node_modules/next/dist/shared/lib/utils.d.ts(12,13): error TS1192: Module '"fs"' has no default export.
node_modules/.pnpm/next@13.5.11_@babel+core@7._78f66e70bb16a04258bcaa13e46f06a8/node_modules/next/dist/shared/lib/utils.d.ts(52,18): error TS2503: Cannot find namespace 'JSX'.
node_modules/.pnpm/next@13.5.11_@babel+core@7._78f66e70bb16a04258bcaa13e46f06a8/node_modules/next/dist/shared/lib/utils.d.ts(159,43): error TS2694: Namespace 'React' has no exported member 'ReactFragment'.
node_modules/.pnpm/next@13.5.11_@babel+core@7._78f66e70bb16a04258bcaa13e46f06a8/node_modules/next/dist/shared/lib/utils.d.ts(159,59): error TS2503: Cannot find namespace 'JSX'.
node_modules/.pnpm/next@13.5.11_@babel+core@7._78f66e70bb16a04258bcaa13e46f06a8/node_modules/next/dist/styled-jsx/types/css.d.ts(4,63): error TS2503: Cannot find namespace 'JSX'.
node_modules/.pnpm/next@13.5.11_@babel+core@7._78f66e70bb16a04258bcaa13e46f06a8/node_modules/next/dist/styled-jsx/types/css.d.ts(9,8): error TS2503: Cannot find namespace 'JSX'.
node_modules/.pnpm/next@13.5.11_@babel+core@7._78f66e70bb16a04258bcaa13e46f06a8/node_modules/next/dist/styled-jsx/types/css.d.ts(13,37): error TS2503: Cannot find namespace 'JSX'.
node_modules/.pnpm/next@13.5.11_@babel+core@7._78f66e70bb16a04258bcaa13e46f06a8/node_modules/next/dist/styled-jsx/types/global.d.ts(6,8): error TS1259: Module '"C:/Users/HP/Christful_PWA/node_modules/.pnpm/@types+react@19.2.13/node_modules/@types/react/index"' can only be default-imported using the 'esModuleInterop' flag
node_modules/.pnpm/next@13.5.11_@babel+core@7._78f66e70bb16a04258bcaa13e46f06a8/node_modules/next/dist/styled-jsx/types/index.d.ts(3,43): error TS2503: Cannot find namespace 'JSX'.
node_modules/.pnpm/next@13.5.11_@babel+core@7._78f66e70bb16a04258bcaa13e46f06a8/node_modules/next/dist/styled-jsx/types/index.d.ts(13,15): error TS2503: Cannot find namespace 'JSX'.
node_modules/.pnpm/next@13.5.11_@babel+core@7._78f66e70bb16a04258bcaa13e46f06a8/node_modules/next/dist/styled-jsx/types/index.d.ts(15,7): error TS2503: Cannot find namespace 'JSX'.
node_modules/.pnpm/next@13.5.11_@babel+core@7._78f66e70bb16a04258bcaa13e46f06a8/node_modules/next/dist/styled-jsx/types/macro.d.ts(8,15): error TS2503: Cannot find namespace 'JSX'.
node_modules/.pnpm/next@13.5.11_@babel+core@7._78f66e70bb16a04258bcaa13e46f06a8/node_modules/next/types/index.d.ts(10,13): error TS1259: Module '"C:/Users/HP/Christful_PWA/node_modules/.pnpm/@types+react@19.2.13/node_modules/@types/react/index"' can only be default-imported using the 'esModuleInterop' flag
node_modules/.pnpm/next@16.1.1_@babel+core@7.2_29caaf89d809da6a12c00a4b5d745d0e/node_modules/next/dist/client/image-component.d.ts(1,8): error TS1259: Module '"C:/Users/HP/Christful_PWA/node_modules/.pnpm/@types+react@19.2.13/node_modules/@types/react/index"' can only be default-imported using the 'esModuleInterop' flag
node_modules/.pnpm/next@16.1.1_@babel+core@7.2_29caaf89d809da6a12c00a4b5d745d0e/node_modules/next/dist/client/link.d.ts(1,8): error TS1259: Module '"C:/Users/HP/Christful_PWA/node_modules/.pnpm/@types+react@19.2.13/node_modules/@types/react/index"' can only be default-imported using the 'esModuleInterop' flag
node_modules/.pnpm/sonner@2.0.7_react-dom@19.2.3_react@19.2.3__react@19.2.3/node_modules/sonner/dist/index.d.ts(1,8): error TS1259: Module '"C:/Users/HP/Christful_PWA/node_modules/.pnpm/@types+react@19.2.13/node_modules/@types/react/index"' can only be default-imported using the 'esModuleInterop' flag
src/components/common/PostCard.tsx(12,8): error TS2307: Cannot find module '@/components/ui/card' or its corresponding type declarations.
src/components/common/PostCard.tsx(13,53): error TS2307: Cannot find module '@/components/ui/avatar' or its corresponding type declarations.
src/components/common/PostCard.tsx(15,57): error TS2307: Cannot find module '@/components/ui/popover' or its corresponding type declarations.
src/components/common/PostCard.tsx(16,24): error TS2307: Cannot find module '@/components/ui/button' or its corresponding type declarations.
src/components/common/PostCard.tsx(18,27): error TS2307: Cannot find module '@/lib/api-config' or its corresponding type declarations.
src/components/common/PostCard.tsx(20,23): error TS2307: Cannot find module '@/components/ui/input' or its corresponding type declarations.
src/components/common/PostCard.tsx(72,11): error TS17004: Cannot use JSX unless the '--jsx' flag is provided.
src/components/common/PostCard.tsx(76,13): error TS17004: Cannot use JSX unless the '--jsx' flag is provided.
src/components/common/PostCard.tsx(88,11): error TS17004: Cannot use JSX unless the '--jsx' flag is provided.
src/components/common/PostCard.tsx(89,13): error TS17004: Cannot use JSX unless the '--jsx' flag is provided.
src/components/common/PostCard.tsx(94,13): error TS17004: Cannot use JSX unless the '--jsx' flag is provided.
src/components/common/PostCard.tsx(99,15): error TS17004: Cannot use JSX unless the '--jsx' flag is provided.
src/components/common/PostCard.tsx(106,11): error TS17004: Cannot use JSX unless the '--jsx' flag is provided.
src/components/common/PostCard.tsx(107,13): error TS17004: Cannot use JSX unless the '--jsx' flag is provided.
src/components/common/PostCard.tsx(111,28): error TS17004: Cannot use JSX unless the '--jsx' flag is provided.
src/components/common/PostCard.tsx(111,50): error TS17004: Cannot use JSX unless the '--jsx' flag is provided.
src/components/common/PostCard.tsx(113,13): error TS17004: Cannot use JSX unless the '--jsx' flag is provided.
src/components/common/PostCard.tsx(114,15): error TS17004: Cannot use JSX unless the '--jsx' flag is provided.
src/components/common/PostCard.tsx(115,17): error TS17004: Cannot use JSX unless the '--jsx' flag is provided.
src/components/common/PostCard.tsx(116,17): error TS17004: Cannot use JSX unless the '--jsx' flag is provided.
src/components/common/PostCard.tsx(117,19): error TS17004: Cannot use JSX unless the '--jsx' flag is provided.
src/components/common/PostCard.tsx(261,5): error TS17004: Cannot use JSX unless the '--jsx' flag is provided.
src/components/common/PostCard.tsx(262,7): error TS17004: Cannot use JSX unless the '--jsx' flag is provided.
src/components/common/PostCard.tsx(263,9): error TS17004: Cannot use JSX unless the '--jsx' flag is provided.
src/components/common/PostCard.tsx(264,11): error TS17004: Cannot use JSX unless the '--jsx' flag is provided.
src/components/common/PostCard.tsx(265,13): error TS17004: Cannot use JSX unless the '--jsx' flag is provided.
src/components/common/PostCard.tsx(266,13): error TS17004: Cannot use JSX unless the '--jsx' flag is provided.
src/components/common/PostCard.tsx(271,11): error TS17004: Cannot use JSX unless the '--jsx' flag is provided.
src/components/common/PostCard.tsx(272,13): error TS17004: Cannot use JSX unless the '--jsx' flag is provided.
src/components/common/PostCard.tsx(275,17): error TS17004: Cannot use JSX unless the '--jsx' flag is provided.
src/components/common/PostCard.tsx(284,13): error TS17004: Cannot use JSX unless the '--jsx' flag is provided.
src/components/common/PostCard.tsx(288,9): error TS17004: Cannot use JSX unless the '--jsx' flag is provided.
src/components/common/PostCard.tsx(289,11): error TS17004: Cannot use JSX unless the '--jsx' flag is provided.
src/components/common/PostCard.tsx(290,11): error TS17004: Cannot use JSX unless the '--jsx' flag is provided.
src/components/common/PostCard.tsx(291,13): error TS17004: Cannot use JSX unless the '--jsx' flag is provided.
src/components/common/PostCard.tsx(292,15): error TS17004: Cannot use JSX unless the '--jsx' flag is provided.
src/components/common/PostCard.tsx(294,13): error TS17004: Cannot use JSX unless the '--jsx' flag is provided.
src/components/common/PostCard.tsx(295,15): error TS17004: Cannot use JSX unless the '--jsx' flag is provided.
src/components/common/PostCard.tsx(296,17): error TS17004: Cannot use JSX unless the '--jsx' flag is provided.
src/components/common/PostCard.tsx(301,19): error TS17004: Cannot use JSX unless the '--jsx' flag is provided.
src/components/common/PostCard.tsx(303,17): error TS17004: Cannot use JSX unless the '--jsx' flag is provided.
src/components/common/PostCard.tsx(308,19): error TS17004: Cannot use JSX unless the '--jsx' flag is provided.
src/components/common/PostCard.tsx(311,19): error TS17004: Cannot use JSX unless the '--jsx' flag is provided.
src/components/common/PostCard.tsx(316,21): error TS17004: Cannot use JSX unless the '--jsx' flag is provided.
src/components/common/PostCard.tsx(325,7): error TS17004: Cannot use JSX unless the '--jsx' flag is provided.
src/components/common/PostCard.tsx(327,11): error TS17004: Cannot use JSX unless the '--jsx' flag is provided.
src/components/common/PostCard.tsx(328,13): error TS17004: Cannot use JSX unless the '--jsx' flag is provided.
src/components/common/PostCard.tsx(332,15): error TS17004: Cannot use JSX unless the '--jsx' flag is provided.
src/components/common/PostCard.tsx(343,11): error TS17004: Cannot use JSX unless the '--jsx' flag is provided.
src/components/common/PostCard.tsx(349,11): error TS17004: Cannot use JSX unless the '--jsx' flag is provided.
src/components/common/PostCard.tsx(350,13): error TS17004: Cannot use JSX unless the '--jsx' flag is provided.
src/components/common/PostCard.tsx(355,7): error TS17004: Cannot use JSX unless the '--jsx' flag is provided.
src/components/common/PostCard.tsx(356,9): error TS17004: Cannot use JSX unless the '--jsx' flag is provided.
src/components/common/PostCard.tsx(358,11): error TS17004: Cannot use JSX unless the '--jsx' flag is provided.
src/components/common/PostCard.tsx(359,13): error TS17004: Cannot use JSX unless the '--jsx' flag is provided.
src/components/common/PostCard.tsx(364,15): error TS17004: Cannot use JSX unless the '--jsx' flag is provided.
src/components/common/PostCard.tsx(365,15): error TS17004: Cannot use JSX unless the '--jsx' flag is provided.
src/components/common/PostCard.tsx(367,13): error TS17004: Cannot use JSX unless the '--jsx' flag is provided.
src/components/common/PostCard.tsx(373,15): error TS17004: Cannot use JSX unless the '--jsx' flag is provided.
src/components/common/PostCard.tsx(374,15): error TS17004: Cannot use JSX unless the '--jsx' flag is provided.
src/components/common/PostCard.tsx(376,13): error TS17004: Cannot use JSX unless the '--jsx' flag is provided.
src/components/common/PostCard.tsx(377,15): error TS17004: Cannot use JSX unless the '--jsx' flag is provided.
src/components/common/PostCard.tsx(378,15): error TS17004: Cannot use JSX unless the '--jsx' flag is provided.
src/components/common/PostCard.tsx(380,13): error TS17004: Cannot use JSX unless the '--jsx' flag is provided.
src/components/common/PostCard.tsx(381,15): error TS17004: Cannot use JSX unless the '--jsx' flag is provided.
src/components/common/PostCard.tsx(382,15): error TS17004: Cannot use JSX unless the '--jsx' flag is provided.
src/components/common/PostCard.tsx(388,13): error TS17004: Cannot use JSX unless the '--jsx' flag is provided.
src/components/common/PostCard.tsx(390,15): error TS17004: Cannot use JSX unless the '--jsx' flag is provided.
src/components/common/PostCard.tsx(392,19): error TS17004: Cannot use JSX unless the '--jsx' flag is provided.
src/components/common/PostCard.tsx(393,21): error TS17004: Cannot use JSX unless the '--jsx' flag is provided.
src/components/common/PostCard.tsx(394,35): error TS17004: Cannot use JSX unless the '--jsx' flag is provided.
src/components/common/PostCard.tsx(396,21): error TS17004: Cannot use JSX unless the '--jsx' flag is provided.
src/components/common/PostCard.tsx(400,23): error TS17004: Cannot use JSX unless the '--jsx' flag is provided.
src/components/common/PostCard.tsx(404,17): error TS17004: Cannot use JSX unless the '--jsx' flag is provided.
src/components/common/PostCard.tsx(405,19): error TS17004: Cannot use JSX unless the '--jsx' flag is provided.
src/components/common/PostCard.tsx(406,21): error TS17004: Cannot use JSX unless the '--jsx' flag is provided.
src/components/common/PostCard.tsx(407,21): error TS17004: Cannot use JSX unless the '--jsx' flag is provided.
src/components/common/PostCard.tsx(409,19): error TS17004: Cannot use JSX unless the '--jsx' flag is provided.
src/components/common/PostCard.tsx(410,21): error TS17004: Cannot use JSX unless the '--jsx' flag is provided.
src/components/common/PostCard.tsx(417,21): error TS17004: Cannot use JSX unless the '--jsx' flag is provided.
src/components/common/PostCard.tsx(422,23): error TS17004: Cannot use JSX unless the '--jsx' flag is provided.
src/components/common/PostCard.tsx(429,15): error TS17004: Cannot use JSX unless the '--jsx' flag is provided.
src/components/common/PostCard.tsx(432,21): error TS17004: Cannot use JSX unless the '--jsx' flag is provided.
src/components/common/PostCard.tsx(433,23): error TS17004: Cannot use JSX unless the '--jsx' flag is provided.
src/components/common/PostCard.tsx(434,25): error TS17004: Cannot use JSX unless the '--jsx' flag is provided.
src/components/common/PostCard.tsx(435,25): error TS17004: Cannot use JSX unless the '--jsx' flag is provided.
src/components/common/PostCard.tsx(437,23): error TS17004: Cannot use JSX unless the '--jsx' flag is provided.
src/components/common/PostCard.tsx(438,25): error TS17004: Cannot use JSX unless the '--jsx' flag is provided.
src/components/common/PostCard.tsx(439,27): error TS17004: Cannot use JSX unless the '--jsx' flag is provided.
src/components/common/PostCard.tsx(440,27): error TS17004: Cannot use JSX unless the '--jsx' flag is provided.
src/components/common/PostCard.tsx(442,25): error TS17004: Cannot use JSX unless the '--jsx' flag is provided.
src/components/common/PostCard.tsx(443,27): error TS17004: Cannot use JSX unless the '--jsx' flag is provided.
src/components/common/PostCard.tsx(444,27): error TS17004: Cannot use JSX unless the '--jsx' flag is provided.
src/components/common/PostCard.tsx(450,27): error TS17004: Cannot use JSX unless the '--jsx' flag is provided.
src/components/common/PostCard.tsx(458,19): error TS17004: Cannot use JSX unless the '--jsx' flag is provided.
src/components/common/PostCard.tsx(468,9): error TS17004: Cannot use JSX unless the '--jsx' flag is provided.
src/components/common/PostCard.tsx(469,11): error TS17004: Cannot use JSX unless the '--jsx' flag is provided.
src/components/common/PostCard.tsx(473,13): error TS17004: Cannot use JSX unless the '--jsx' flag is provided.
src/components/common/PostCard.tsx(476,11): error TS17004: Cannot use JSX unless the '--jsx' flag is provided.
src/components/common/PostCard.tsx(481,15): error TS17004: Cannot use JSX unless the '--jsx' flag is provided.
src/components/common/PostCard.tsx(482,17): error TS17004: Cannot use JSX unless the '--jsx' flag is provided.
src/components/common/PostCard.tsx(493,15): error TS17004: Cannot use JSX unless the '--jsx' flag is provided.
src/components/common/PostCard.tsx(503,11): error TS17004: Cannot use JSX unless the '--jsx' flag is provided.
